2025-11-28 07:03:08.021237 - User: Anonymous - Path: /
2025-11-28 07:03:08.272541 - User: Anonymous - Path: /favicon.ico
2025-11-28 07:03:18.225759 - User: Anonymous - Path: /api/books/
2025-11-28 07:03:31.160379 - User: Anonymous - Path: /
2025-11-28 07:04:02.482701 - User: Anonymous - Path: /admin
2025-11-28 07:04:02.517504 - User: Anonymous - Path: /admin/
2025-11-28 07:04:02.532562 - User: Anonymous - Path: /admin/login/
2025-11-28 07:11:07.374831 - User: Anonymous - Path: /admin/login/
2025-11-28 07:11:21.456156 - User: Anonymous - Path: /
2025-11-28 07:11:37.086901 - User: Anonymous - Path: /admin/
2025-11-28 07:11:37.092677 - User: Anonymous - Path: /admin/login/
2025-11-28 07:11:48.333658 - User: Anonymous - Path: /admin/login/
2025-11-28 07:11:48.678944 - User: admin - Path: /admin/
2025-11-28 07:12:04.071188 - User: admin - Path: /
2025-11-28 07:13:06.227747 - User: Anonymous - Path: /admin/
2025-11-28 07:17:26.495080 - User: admin - Path: /admin/authtoken/tokenproxy/add/
2025-11-28 07:17:26.685841 - User: admin - Path: /admin/jsi18n/
2025-11-28 07:17:54.696199 - User: admin - Path: /admin/logout/
2025-11-28 07:17:57.193911 - User: Anonymous - Path: /admin/
2025-11-28 07:17:57.200404 - User: Anonymous - Path: /admin/login/
2025-11-28 07:17:59.208339 - User: Anonymous - Path: /admin/login/
2025-11-28 07:17:59.486276 - User: admin - Path: /admin/
2025-11-28 07:21:12.286493 - User: admin - Path: /
